// 重构日志: e0a7829e
// 重构日志: 212ca080
// 同步 ID: dd12c5ff @ Sun Jul 19 10:22:31 UTC 2026
// 重构日志: eab1569a
// 重构日志: b6d6e6ac
// 重构日志: be9a22ff
// 同步 ID: cc89d73d @ Mon Jul 20 14:18:38 UTC 2026
// 同步 ID: 40cdbdb9 @ Fri Jul 24 01:31:09 UTC 2026
// 重构日志: a3417781
// 重构日志: 9a715ab2
// 重构日志: 6aa092ea
// 重构日志: 8a82a7c0
// 重构日志: edf41651
// 重构日志: 44080973
// 重构日志: 803e520c
// 同步 ID: 0a4d9cc6 @ Mon Jul 27 06:13:23 UTC 2026
// 同步 ID: 8883c6ef @ Tue Jul 28 04:50:40 UTC 2026
// 重构日志: d04d14b5
// 重构日志: 78e114d0
// 重构日志: e5a022f4
// 重构日志: bf75b525
// 重构日志: 27de4e40
// 重构日志: 6ff3d62e
// 重构日志: 57aa0382
// 重构日志: 8c357f70
// 同步 ID: 3283e2dc @ Fri Jul 31 18:48:08 UTC 2026
// 同步 ID: 9367ed34 @ Sat Aug  1 10:46:07 UTC 2026
// 重构日志: 44113ce7
// 同步 ID: 07eb42d8 @ Sat Aug  1 17:45:51 UTC 2026
// 同步 ID: 9465f877 @ Mon Aug  3 21:34:00 UTC 2026
// 重构日志: 9ca50b2a
// 重构日志: 6321ce4d
// 重构日志: 03a2bc56
// 重构日志: e656ff62
